warning: duplicate auto trait `std::marker::Send` found in trait object
  --> $DIR/lint-duplicate-traits.rs:13:18
   |
LL | impl Bar for dyn Send + Send {}
   |                  ^^^^   ^^^^ subsequent use of auto trait
   |                  |
   |                  first use of auto trait
   |
   = note: #[warn(duplicate_auto_traits_in_trait_objects)] on by default

warning: duplicate auto trait `std::marker::Send` found in trait object
  --> $DIR/lint-duplicate-traits.rs:15:18
   |
LL | impl Baz for dyn Send + Sync + Send + SyncAlias {}
   |                  ^^^^          ^^^^ subsequent use of auto trait
   |                  |
   |                  first use of auto trait

warning: duplicate auto trait `std::marker::Sync` found in trait object
  --> $DIR/lint-duplicate-traits.rs:15:25
   |
LL | trait SyncAlias = Sync;
   |                   ---- subsequent use of auto trait
...
LL | impl Baz for dyn Send + Sync + Send + SyncAlias {}
   |                         ^^^^          ^^^^^^^^^
   |                         |
   |                         first use of auto trait

warning: duplicate auto trait `std::marker::Send` found in trait object
  --> $DIR/lint-duplicate-traits.rs:13:18
   |
LL | impl Bar for dyn Send + Send {}
   |                  ^^^^   ^^^^ subsequent use of auto trait
   |                  |
   |                  first use of auto trait

