warning: duplicate auto trait `std::marker::Sync` found in trait object
  --> $DIR/issue-33140.rs:33:21
   |
LL | impl Trait2 for dyn Sync + Send + Sync {
   |                     ^^^^          ^^^^ subsequent use of auto trait
   |                     |
   |                     first use of auto trait
   |
   = note: #[warn(duplicate_auto_traits_in_trait_objects)] on by default

warning: duplicate auto trait `std::marker::Sync` found in trait object
  --> $DIR/issue-33140.rs:54:21
   |
LL |     assert_eq!(<dyn Sync+Send+Sync>::uvw(), true);
   |                     ^^^^      ^^^^ subsequent use of auto trait
   |                     |
   |                     first use of auto trait

warning: duplicate auto trait `std::marker::Sync` found in trait object
  --> $DIR/issue-33140.rs:33:21
   |
LL | impl Trait2 for dyn Sync + Send + Sync {
   |                     ^^^^          ^^^^ subsequent use of auto trait
   |                     |
   |                     first use of auto trait

